Release 14.7 Map P.20131013 (lin64)
Xilinx Map Application Log File for Design 'dedispersor_top'

Design Information
------------------
Command Line   : map -intstyle ise -p xc6vsx475t-ff1156-2 -w -logic_opt off -ol
high -t 1 -xt 0 -register_duplication off -r 4 -global_opt off -mt off -ir off
-pr off -lc off -power off -o dedispersor_top_map.ncd dedispersor_top.ngd
dedispersor_top.pcf 
Target Device  : xc6vsx475t
Target Package : ff1156
Target Speed   : -2
Mapper Version : virtex6 -- $Revision: 1.55 $
Mapped Date    : Mon Mar 15 11:47:59 2021

vvvvvvvvvvvvvvvvvvvvvvvvvvvvvvvvvvvvvvvvvvvvvvvvvvvvvvvvvvvvvvvvvvvvvv
INFO:Security:67 - XILINXD_LICENSE_FILE is set to
'/home/seba/.Xilinx:/tools/Xilinx/Vivado/2019.1/data/ip/core_licenses' in
/home/seba/.flexlmrc.
INFO:Security:56 - Part 'xc6vsx475t' is not a WebPack part.
INFO:Security:7 - A feature for ISE was found but is for the wrong hostid.
INFO:Security:68 - For more information or for assistance in obtaining 
 a license, please run the Xilinx License Configuration Manager
       (xlcm or "Manage Xilinx Licenses".)
INFO:Security:68a - user is seba, on host unknown.
WARNING:Security:9b - No 'ISE' feature version 2013.10 was available for part
'xc6vsx475t'.
ERROR:Security:12 - No 'xc6vsx475t' feature version 2013.10 was available (-5),
     so 'WebPack' may not be used.
----------------------------------------------------------------------
Invalid host.
 The hostid of this system does not match the hostid
 specified in the license file.
Feature:       ISE
Hostid:        dcfb480d29fb
License path: 
/home/seba/.Xilinx/Xilinx.lic:/tools/Xilinx/Vivado/2019.1/data/ip/core_licenses/
Xilinx.lic:/tools/Xilinx/Vivado/2019.1/data/ip/core_licenses/XilinxFree.lic:/opt
/Xilinx/14.7/ISE_DS/ISE//data/*.lic:/opt/Xilinx/14.7/ISE_DS/ISE//coregen/core_li
censes/Xilinx.lic:/opt/Xilinx/14.7/ISE_DS/ISE//coregen/core_licenses/XilinxFree.
lic:/opt/Xilinx/14.7/ISE_DS/EDK/data/core_licenses/Xilinx.lic:
FLEXnet Licensing error:-9,57
For further information, refer to the FLEXnet Licensing documentation,
available at "www.flexerasoftware.com".No such feature exists.
Feature:       xc6vsx475t
License path: 
/home/seba/.Xilinx/Xilinx.lic:/tools/Xilinx/Vivado/2019.1/data/ip/core_licenses/
Xilinx.lic:/tools/Xilinx/Vivado/2019.1/data/ip/core_licenses/XilinxFree.lic:/opt
/Xilinx/14.7/ISE_DS/ISE//data/*.lic:/opt/Xilinx/14.7/ISE_DS/ISE//coregen/core_li
censes/Xilinx.lic:/opt/Xilinx/14.7/ISE_DS/ISE//coregen/core_licenses/XilinxFree.
lic:/opt/Xilinx/14.7/ISE_DS/EDK/data/core_licenses/Xilinx.lic:
FLEXnet Licensing error:-5,357
For further information, refer to the FLEXnet Licensing documentation,
available at "www.flexerasoftware.com".
^^^^^^^^^^^^^^^^^^^^^^^^^^^^^^^^^^^^^^^^^^^^^^^^^^^^^^^^^^^^^^^^^^^^^^
ERROR:Map:258 - A problem was encountered attempting to get the license for this
   architecture. 

Design Summary
--------------
Number of errors   :   1
Number of warnings :   0
